{
    "Created": 1699326600,
    "Data": [
        {
            "url": "https://fakeimage.localtest.me/some-image"
        }
    ]
}