{
  "Value": {
    "Text": "1\r\n00:00:00,000 --> 00:00:07,000\r\nI wonder what the translation will be for this",
    "Language": null,
    "Duration": null,
    "Segments": null
  },
  "HasValue": true
}