[
    
  {
        
    "Uri":  "https://47bae1ca-d2f0-4584-b2ac-9897e7088919/openai/deployments/Model1/chat/completions?api-version=2023-05-15",
        
    "Method":  "POST",
        
    "Headers":  {
            
      "api-key":  "17f9b7db-f6b7-4b15-a868-38e19bbd88d1"
    
        },
        
    "Content":  "{\r\n  \"messages\": [\r\n    {\r\n      \"role\": \"system\",\r\n      \"content\": \"You are a helpful assistant.\"\r\n    },\r\n    {\r\n      \"role\": \"user\",\r\n      \"content\": \"Does Azure OpenAI support customer managed keys?\"\r\n    },\r\n    {\r\n      \"role\": \"assistant\",\r\n      \"content\": \"Yes, customer managed keys are supported by Azure OpenAI.\"\r\n    },\r\n    {\r\n      \"role\": \"user\",\r\n      \"content\": \"Do other Azure AI services support this too?\"\r\n    }\r\n  ],\r\n  \"max_tokens\": 5\r\n}"
  
    }

]